// Jest Snapshot v1, https://goo.gl/fbAQLP

exports[`modules/Widget/Window renders 1`] = `<inject-Widget-with-chatStore />`;
