// Jest Snapshot v1, https://goo.gl/fbAQLP

exports[`components/Button renders 1`] = `
<button
  className="sc-bdVaJa ffDxtS"
/>
`;
