// Jest Snapshot v1, https://goo.gl/fbAQLP

exports[`modules/Widget/Window renders 1`] = `
<button
  className="sc-bdVaJa iqOGyR"
/>
`;
