// Jest Snapshot v1, https://goo.gl/fbAQLP

exports[`modules/Widget/Window renders 1`] = `
<a
  className="sc-bdVaJa hRUuKy"
/>
`;
